mode: set
Four-PlayerArmyChess/game/ai.go:23.34,24.47 1 1
Four-PlayerArmyChess/game/ai.go:24.47,26.3 1 1
Four-PlayerArmyChess/game/ai.go:27.2,27.24 1 1
Four-PlayerArmyChess/game/ai.go:46.40,47.15 1 1
Four-PlayerArmyChess/game/ai.go:48.14,49.131 1 1
Four-PlayerArmyChess/game/ai.go:50.16,51.129 1 1
Four-PlayerArmyChess/game/ai.go:52.10,53.127 1 1
Four-PlayerArmyChess/game/ai.go:58.35,59.11 1 1
Four-PlayerArmyChess/game/ai.go:60.12,61.14 1 1
Four-PlayerArmyChess/game/ai.go:62.15,63.13 1 1
Four-PlayerArmyChess/game/ai.go:64.15,65.12 1 1
Four-PlayerArmyChess/game/ai.go:66.20,67.12 1 1
Four-PlayerArmyChess/game/ai.go:68.17,69.12 1 1
Four-PlayerArmyChess/game/ai.go:70.15,71.12 1 1
Four-PlayerArmyChess/game/ai.go:72.13,73.12 1 1
Four-PlayerArmyChess/game/ai.go:74.15,75.12 1 1
Four-PlayerArmyChess/game/ai.go:76.18,77.12 1 1
Four-PlayerArmyChess/game/ai.go:78.16,79.12 1 1
Four-PlayerArmyChess/game/ai.go:80.16,81.12 1 1
Four-PlayerArmyChess/game/ai.go:82.12,83.12 1 1
Four-PlayerArmyChess/game/ai.go:84.10,85.12 1 1
Four-PlayerArmyChess/game/ai.go:90.48,91.43 1 1
Four-PlayerArmyChess/game/ai.go:91.43,93.3 1 1
Four-PlayerArmyChess/game/ai.go:94.2,97.39 4 1
Four-PlayerArmyChess/game/ai.go:97.39,99.53 2 1
Four-PlayerArmyChess/game/ai.go:99.53,100.12 1 1
Four-PlayerArmyChess/game/ai.go:102.3,102.48 1 1
Four-PlayerArmyChess/game/ai.go:102.48,104.4 1 1
Four-PlayerArmyChess/game/ai.go:106.2,107.14 2 1
Four-PlayerArmyChess/game/ai.go:111.71,112.20 1 1
Four-PlayerArmyChess/game/ai.go:112.20,114.3 1 1
Four-PlayerArmyChess/game/ai.go:115.2,115.16 1 1
Four-PlayerArmyChess/game/ai.go:115.16,117.3 1 1
Four-PlayerArmyChess/game/ai.go:118.2,119.21 2 1
Four-PlayerArmyChess/game/ai.go:119.21,121.3 1 1
Four-PlayerArmyChess/game/ai.go:122.2,123.54 2 1
Four-PlayerArmyChess/game/ai.go:123.54,125.3 1 1
Four-PlayerArmyChess/game/ai.go:126.2,129.26 4 1
Four-PlayerArmyChess/game/ai.go:129.26,132.20 3 1
Four-PlayerArmyChess/game/ai.go:132.20,135.4 2 1
Four-PlayerArmyChess/game/ai.go:137.2,137.19 1 1
Four-PlayerArmyChess/game/ai.go:160.65,163.34 3 1
Four-PlayerArmyChess/game/ai.go:163.34,164.30 1 1
Four-PlayerArmyChess/game/ai.go:164.30,165.12 1 1
Four-PlayerArmyChess/game/ai.go:167.3,167.58 1 1
Four-PlayerArmyChess/game/ai.go:169.2,174.34 5 1
Four-PlayerArmyChess/game/ai.go:174.34,175.30 1 1
Four-PlayerArmyChess/game/ai.go:175.30,176.12 1 1
Four-PlayerArmyChess/game/ai.go:178.3,178.34 1 1
Four-PlayerArmyChess/game/ai.go:178.34,179.52 1 1
Four-PlayerArmyChess/game/ai.go:179.52,180.13 1 1
Four-PlayerArmyChess/game/ai.go:182.4,185.55 4 1
Four-PlayerArmyChess/game/ai.go:185.55,187.5 1 1
Four-PlayerArmyChess/game/ai.go:188.4,188.75 1 1
Four-PlayerArmyChess/game/ai.go:191.2,197.34 3 1
Four-PlayerArmyChess/game/ai.go:197.34,198.30 1 1
Four-PlayerArmyChess/game/ai.go:198.30,199.12 1 1
Four-PlayerArmyChess/game/ai.go:201.3,201.40 1 1
Four-PlayerArmyChess/game/ai.go:203.2,203.34 1 1
Four-PlayerArmyChess/game/ai.go:203.34,204.30 1 1
Four-PlayerArmyChess/game/ai.go:204.30,205.12 1 1
Four-PlayerArmyChess/game/ai.go:207.3,207.34 1 1
Four-PlayerArmyChess/game/ai.go:207.34,208.48 1 1
Four-PlayerArmyChess/game/ai.go:208.48,210.5 1 1
Four-PlayerArmyChess/game/ai.go:213.2,217.12 4 1
Four-PlayerArmyChess/game/ai.go:220.42,221.36 1 1
Four-PlayerArmyChess/game/ai.go:221.36,223.3 1 1
Four-PlayerArmyChess/game/ai.go:224.2,224.47 1 1
Four-PlayerArmyChess/game/ai.go:227.63,228.25 1 1
Four-PlayerArmyChess/game/ai.go:228.25,229.13 1 1
Four-PlayerArmyChess/game/ai.go:229.13,231.4 1 1
Four-PlayerArmyChess/game/ai.go:233.2,233.13 1 1
Four-PlayerArmyChess/game/ai.go:236.58,237.36 1 1
Four-PlayerArmyChess/game/ai.go:237.36,238.71 1 1
Four-PlayerArmyChess/game/ai.go:238.71,240.4 1 1
Four-PlayerArmyChess/game/ai.go:242.2,242.37 1 1
Four-PlayerArmyChess/game/ai.go:245.60,247.34 2 1
Four-PlayerArmyChess/game/ai.go:247.34,248.43 1 1
Four-PlayerArmyChess/game/ai.go:248.43,250.4 1 1
Four-PlayerArmyChess/game/ai.go:252.2,252.15 1 1
Four-PlayerArmyChess/game/ai.go:255.59,257.28 2 1
Four-PlayerArmyChess/game/ai.go:257.28,258.50 1 1
Four-PlayerArmyChess/game/ai.go:258.50,260.4 1 1
Four-PlayerArmyChess/game/ai.go:262.2,262.13 1 1
Four-PlayerArmyChess/game/ai.go:265.43,269.18 4 1
Four-PlayerArmyChess/game/ai.go:269.18,271.3 1 0
Four-PlayerArmyChess/game/ai.go:272.2,273.19 2 1
Four-PlayerArmyChess/game/ai.go:273.19,274.22 1 1
Four-PlayerArmyChess/game/ai.go:274.22,275.62 1 1
Four-PlayerArmyChess/game/ai.go:276.11,278.28 2 1
Four-PlayerArmyChess/game/ai.go:278.28,280.6 1 0
Four-PlayerArmyChess/game/ai.go:281.5,281.58 1 1
Four-PlayerArmyChess/game/ai.go:281.58,283.6 1 1
Four-PlayerArmyChess/game/ai.go:284.12,285.63 1 1
Four-PlayerArmyChess/game/ai.go:286.11,287.56 1 1
Four-PlayerArmyChess/game/ai.go:288.11,289.46 1 0
Four-PlayerArmyChess/game/ai.go:291.9,295.36 2 1
Four-PlayerArmyChess/game/ai.go:295.36,297.5 1 1
Four-PlayerArmyChess/game/ai.go:299.8,300.27 1 1
Four-PlayerArmyChess/game/ai.go:300.27,302.4 1 1
Four-PlayerArmyChess/game/ai.go:303.3,303.30 1 1
Four-PlayerArmyChess/game/ai.go:303.30,305.4 1 1
Four-PlayerArmyChess/game/ai.go:307.3,307.36 1 1
Four-PlayerArmyChess/game/ai.go:307.36,309.4 1 1
Four-PlayerArmyChess/game/ai.go:313.2,313.40 1 1
Four-PlayerArmyChess/game/ai.go:313.40,315.3 1 1
Four-PlayerArmyChess/game/ai.go:317.2,322.53 4 1
Four-PlayerArmyChess/game/ai.go:322.53,324.3 1 1
Four-PlayerArmyChess/game/ai.go:325.2,325.14 1 1
Four-PlayerArmyChess/game/ai.go:330.75,331.29 1 1
Four-PlayerArmyChess/game/ai.go:331.29,333.3 1 0
Four-PlayerArmyChess/game/ai.go:334.2,336.34 3 1
Four-PlayerArmyChess/game/ai.go:336.34,337.54 1 1
Four-PlayerArmyChess/game/ai.go:338.10,339.21 1 1
Four-PlayerArmyChess/game/ai.go:340.11,341.30 1 1
Four-PlayerArmyChess/game/ai.go:342.10,343.43 1 1
Four-PlayerArmyChess/game/ai.go:346.2,346.72 1 1
Four-PlayerArmyChess/game/ai.go:349.69,351.31 2 1
Four-PlayerArmyChess/game/ai.go:351.31,352.20 1 1
Four-PlayerArmyChess/game/ai.go:352.20,353.12 1 1
Four-PlayerArmyChess/game/ai.go:355.3,355.24 1 1
Four-PlayerArmyChess/game/ai.go:355.24,356.67 1 1
Four-PlayerArmyChess/game/ai.go:357.11,358.43 1 1
Four-PlayerArmyChess/game/ai.go:358.43,360.6 1 1
Four-PlayerArmyChess/game/ai.go:361.11,362.72 1 1
Four-PlayerArmyChess/game/ai.go:362.72,364.6 1 1
Four-PlayerArmyChess/game/ai.go:366.4,366.12 1 1
Four-PlayerArmyChess/game/ai.go:368.3,368.30 1 1
Four-PlayerArmyChess/game/ai.go:368.30,369.12 1 0
Four-PlayerArmyChess/game/ai.go:371.3,372.35 2 1
Four-PlayerArmyChess/game/ai.go:372.35,373.74 1 1
Four-PlayerArmyChess/game/ai.go:374.11,375.31 1 1
Four-PlayerArmyChess/game/ai.go:376.11,377.57 1 1
Four-PlayerArmyChess/game/ai.go:377.57,379.6 1 1
Four-PlayerArmyChess/game/ai.go:382.3,382.55 1 1
Four-PlayerArmyChess/game/ai.go:382.55,384.4 1 1
Four-PlayerArmyChess/game/ai.go:386.2,386.13 1 1
Four-PlayerArmyChess/game/ai.go:389.64,390.23 1 1
Four-PlayerArmyChess/game/ai.go:390.23,392.3 1 1
Four-PlayerArmyChess/game/ai.go:393.2,396.43 4 1
Four-PlayerArmyChess/game/ai.go:396.43,398.3 1 1
Four-PlayerArmyChess/game/ai.go:399.2,399.10 1 1
Four-PlayerArmyChess/game/ai.go:402.69,403.41 1 1
Four-PlayerArmyChess/game/ai.go:403.41,405.3 1 1
Four-PlayerArmyChess/game/ai.go:406.2,406.41 1 1
Four-PlayerArmyChess/game/ai.go:406.41,408.3 1 0
Four-PlayerArmyChess/game/ai.go:409.2,411.37 3 1
Four-PlayerArmyChess/game/ai.go:411.37,414.3 1 1
Four-PlayerArmyChess/game/ai.go:415.2,415.10 1 1
Four-PlayerArmyChess/game/ai.go:421.56,430.36 9 1
Four-PlayerArmyChess/game/ai.go:430.36,431.51 1 1
Four-PlayerArmyChess/game/ai.go:431.51,432.12 1 0
Four-PlayerArmyChess/game/ai.go:434.3,434.75 1 1
Four-PlayerArmyChess/game/ai.go:436.2,437.38 2 1
Four-PlayerArmyChess/game/ai.go:437.38,439.16 2 1
Four-PlayerArmyChess/game/ai.go:439.16,440.12 1 1
Four-PlayerArmyChess/game/ai.go:442.3,443.75 2 1
Four-PlayerArmyChess/game/ai.go:443.75,445.4 1 1
Four-PlayerArmyChess/game/ai.go:446.3,446.82 1 1
Four-PlayerArmyChess/game/ai.go:448.2,449.26 2 1
Four-PlayerArmyChess/game/ai.go:449.26,451.3 1 1
Four-PlayerArmyChess/game/ai.go:452.2,453.26 2 1
Four-PlayerArmyChess/game/ai.go:458.60,459.21 1 1
Four-PlayerArmyChess/game/ai.go:459.21,461.3 1 1
Four-PlayerArmyChess/game/ai.go:462.2,463.83 2 1
Four-PlayerArmyChess/game/ai.go:463.83,465.3 1 1
Four-PlayerArmyChess/game/ai.go:466.2,468.61 2 1
Four-PlayerArmyChess/game/ai.go:468.61,470.3 1 1
Four-PlayerArmyChess/game/ai.go:472.2,472.20 1 1
Four-PlayerArmyChess/game/ai.go:472.20,475.27 3 1
Four-PlayerArmyChess/game/ai.go:475.27,476.36 1 1
Four-PlayerArmyChess/game/ai.go:476.36,478.5 1 1
Four-PlayerArmyChess/game/ai.go:481.2,481.22 1 1
Four-PlayerArmyChess/game/ai.go:484.34,487.17 3 1
Four-PlayerArmyChess/game/ai.go:487.17,488.33 1 1
Four-PlayerArmyChess/game/ai.go:488.33,490.49 2 1
Four-PlayerArmyChess/game/ai.go:490.49,492.5 1 1
Four-PlayerArmyChess/game/ai.go:493.4,493.50 1 1
Four-PlayerArmyChess/game/ai.go:493.50,495.5 1 1
Four-PlayerArmyChess/game/ai.go:496.4,497.12 2 1
Four-PlayerArmyChess/game/ai.go:499.3,499.6 1 1
Four-PlayerArmyChess/game/ai.go:501.2,501.13 1 1
Four-PlayerArmyChess/game/board.go:29.24,35.24 2 1
Four-PlayerArmyChess/game/board.go:35.24,37.3 1 1
Four-PlayerArmyChess/game/board.go:38.2,38.26 1 1
Four-PlayerArmyChess/game/board.go:38.26,39.27 1 1
Four-PlayerArmyChess/game/board.go:39.27,44.70 1 1
Four-PlayerArmyChess/game/board.go:44.70,46.5 1 1
Four-PlayerArmyChess/game/board.go:50.2,55.4 1 1
Four-PlayerArmyChess/game/board.go:55.4,57.3 1 1
Four-PlayerArmyChess/game/board.go:60.2,60.65 1 1
Four-PlayerArmyChess/game/board.go:60.65,62.3 1 1
Four-PlayerArmyChess/game/board.go:63.2,63.38 1 1
Four-PlayerArmyChess/game/board.go:63.38,65.3 1 1
Four-PlayerArmyChess/game/board.go:66.2,66.38 1 1
Four-PlayerArmyChess/game/board.go:66.38,68.3 1 1
Four-PlayerArmyChess/game/board.go:69.2,69.38 1 1
Four-PlayerArmyChess/game/board.go:69.38,71.3 1 1
Four-PlayerArmyChess/game/board.go:72.2,72.38 1 1
Four-PlayerArmyChess/game/board.go:72.38,74.3 1 1
Four-PlayerArmyChess/game/board.go:75.2,75.28 1 1
Four-PlayerArmyChess/game/board.go:75.28,76.136 1 1
Four-PlayerArmyChess/game/board.go:76.136,78.77 2 1
Four-PlayerArmyChess/game/board.go:78.77,79.13 1 1
Four-PlayerArmyChess/game/board.go:81.4,81.74 1 1
Four-PlayerArmyChess/game/board.go:81.74,82.43 1 1
Four-PlayerArmyChess/game/board.go:82.43,83.14 1 1
Four-PlayerArmyChess/game/board.go:86.4,87.29 2 1
Four-PlayerArmyChess/game/board.go:87.29,89.5 1 1
Four-PlayerArmyChess/game/board.go:90.4,90.67 1 1
Four-PlayerArmyChess/game/board.go:98.2,98.10 1 1
Four-PlayerArmyChess/game/board.go:103.42,104.11 1 1
Four-PlayerArmyChess/game/board.go:105.82,106.14 1 1
Four-PlayerArmyChess/game/board.go:108.2,108.14 1 1
Four-PlayerArmyChess/game/board.go:116.74,117.14 1 1
Four-PlayerArmyChess/game/board.go:118.24,119.100 1 1
Four-PlayerArmyChess/game/board.go:120.25,121.100 1 1
Four-PlayerArmyChess/game/board.go:122.25,123.100 1 1
Four-PlayerArmyChess/game/board.go:124.26,125.100 1 1
Four-PlayerArmyChess/game/board.go:127.2,127.14 1 1
Four-PlayerArmyChess/game/board.go:130.45,132.26 2 1
Four-PlayerArmyChess/game/board.go:132.26,133.27 1 1
Four-PlayerArmyChess/game/board.go:133.27,135.40 2 1
Four-PlayerArmyChess/game/board.go:135.40,137.5 1 1
Four-PlayerArmyChess/game/board.go:140.2,140.15 1 1
Four-PlayerArmyChess/game/board.go:143.40,144.9 1 1
Four-PlayerArmyChess/game/board.go:145.15,146.15 1 1
Four-PlayerArmyChess/game/board.go:147.16,148.15 1 1
Four-PlayerArmyChess/game/board.go:149.16,150.15 1 1
Four-PlayerArmyChess/game/board.go:151.15,152.15 1 1
Four-PlayerArmyChess/game/board.go:153.10,154.18 1 1
Four-PlayerArmyChess/game/board.go:158.50,159.52 1 1
Four-PlayerArmyChess/game/board.go:159.52,161.3 1 1
Four-PlayerArmyChess/game/board.go:162.2,162.150 1 1
Four-PlayerArmyChess/game/board.go:165.44,167.2 1 1
Four-PlayerArmyChess/game/board.go:169.51,170.38 1 1
Four-PlayerArmyChess/game/board.go:170.38,172.3 1 1
Four-PlayerArmyChess/game/board.go:173.2,173.38 1 1
Four-PlayerArmyChess/game/board.go:173.38,175.3 1 1
Four-PlayerArmyChess/game/board.go:176.2,176.20 1 1
Four-PlayerArmyChess/game/board.go:177.13,178.87 1 1
Four-PlayerArmyChess/game/board.go:179.13,180.89 1 1
Four-PlayerArmyChess/game/board.go:181.13,182.89 1 1
Four-PlayerArmyChess/game/board.go:183.13,184.87 1 1
Four-PlayerArmyChess/game/board.go:185.10,186.15 1 0
Four-PlayerArmyChess/game/board.go:190.50,192.2 1 1
Four-PlayerArmyChess/game/board.go:193.45,194.27 1 1
Four-PlayerArmyChess/game/board.go:194.27,196.3 1 1
Four-PlayerArmyChess/game/board.go:197.2,197.25 1 1
Four-PlayerArmyChess/game/board.go:199.52,200.26 1 1
Four-PlayerArmyChess/game/board.go:200.26,202.19 2 1
Four-PlayerArmyChess/game/board.go:202.19,204.4 1 1
Four-PlayerArmyChess/game/board.go:207.51,209.65 2 1
Four-PlayerArmyChess/game/board.go:209.65,211.3 1 1
Four-PlayerArmyChess/game/board.go:212.2,214.13 3 1
Four-PlayerArmyChess/game/board.go:216.49,216.70 1 1
Four-PlayerArmyChess/game/board.go:217.49,217.77 1 1
Four-PlayerArmyChess/game/board.go:218.44,219.32 1 1
Four-PlayerArmyChess/game/board.go:219.32,220.28 1 1
Four-PlayerArmyChess/game/board.go:220.28,222.4 1 1
Four-PlayerArmyChess/game/board.go:224.2,224.14 1 1
Four-PlayerArmyChess/game/board.go:226.39,228.9 2 1
Four-PlayerArmyChess/game/board.go:228.9,230.3 1 1
Four-PlayerArmyChess/game/board.go:231.2,231.13 1 1
Four-PlayerArmyChess/game/board.go:233.42,233.61 1 1
Four-PlayerArmyChess/game/board.go:234.36,236.28 2 1
Four-PlayerArmyChess/game/board.go:236.28,238.3 1 1
Four-PlayerArmyChess/game/board.go:239.2,239.15 1 1
Four-PlayerArmyChess/game/board.go:244.45,246.2 1 1
Four-PlayerArmyChess/game/board.go:249.51,251.2 1 1
Four-PlayerArmyChess/game/board.go:255.68,258.28 3 1
Four-PlayerArmyChess/game/board.go:258.28,259.20 1 1
Four-PlayerArmyChess/game/board.go:259.20,262.4 2 1
Four-PlayerArmyChess/game/board.go:264.2,264.21 1 1
Four-PlayerArmyChess/game/board.go:264.21,267.30 3 1
Four-PlayerArmyChess/game/board.go:267.30,268.31 1 1
Four-PlayerArmyChess/game/board.go:268.31,269.13 1 1
Four-PlayerArmyChess/game/board.go:271.4,272.31 2 1
Four-PlayerArmyChess/game/board.go:275.2,275.13 1 1
Four-PlayerArmyChess/game/board.go:278.25,279.15 1 1
Four-PlayerArmyChess/game/board.go:279.15,281.3 1 1
Four-PlayerArmyChess/game/board.go:282.2,282.14 1 1
Four-PlayerArmyChess/game/game.go:34.45,36.2 1 1
Four-PlayerArmyChess/game/game.go:38.22,40.34 2 1
Four-PlayerArmyChess/game/game.go:40.34,41.35 1 1
Four-PlayerArmyChess/game/game.go:41.35,43.4 1 1
Four-PlayerArmyChess/game/game.go:45.2,47.10 3 1
Four-PlayerArmyChess/game/game.go:50.30,51.34 1 1
Four-PlayerArmyChess/game/game.go:51.34,52.26 1 1
Four-PlayerArmyChess/game/game.go:52.26,54.4 1 1
Four-PlayerArmyChess/game/game.go:56.2,57.12 2 1
Four-PlayerArmyChess/game/game.go:60.22,63.2 2 1
Four-PlayerArmyChess/game/game.go:65.27,66.44 1 1
Four-PlayerArmyChess/game/game.go:66.44,68.3 1 1
Four-PlayerArmyChess/game/game.go:72.26,76.2 3 1
Four-PlayerArmyChess/game/game.go:81.29,84.34 3 1
Four-PlayerArmyChess/game/game.go:84.34,85.33 1 1
Four-PlayerArmyChess/game/game.go:85.33,86.50 1 1
Four-PlayerArmyChess/game/game.go:86.50,87.13 1 1
Four-PlayerArmyChess/game/game.go:89.4,91.22 3 1
Four-PlayerArmyChess/game/game.go:91.22,93.5 1 1
Four-PlayerArmyChess/game/game.go:96.2,98.9 3 1
Four-PlayerArmyChess/game/game.go:99.50,100.23 1 1
Four-PlayerArmyChess/game/game.go:101.50,102.22 1 0
Four-PlayerArmyChess/game/game.go:103.50,104.23 1 0
Four-PlayerArmyChess/game/game.go:105.50,106.22 1 0
Four-PlayerArmyChess/game/game.go:107.10,108.16 1 1
Four-PlayerArmyChess/game/game.go:113.45,115.2 1 1
Four-PlayerArmyChess/game/game.go:117.48,118.109 1 1
Four-PlayerArmyChess/game/game.go:118.109,120.3 1 1
Four-PlayerArmyChess/game/game.go:121.2,121.90 1 1
Four-PlayerArmyChess/game/game.go:121.90,123.3 1 1
Four-PlayerArmyChess/game/game.go:124.2,125.68 2 1
Four-PlayerArmyChess/game/game.go:125.68,127.3 1 1
Four-PlayerArmyChess/game/game.go:128.2,128.46 1 1
Four-PlayerArmyChess/game/game.go:128.46,129.14 1 1
Four-PlayerArmyChess/game/game.go:129.14,131.4 1 1
Four-PlayerArmyChess/game/game.go:133.2,133.14 1 0
Four-PlayerArmyChess/game/game.go:136.60,138.68 2 1
Four-PlayerArmyChess/game/game.go:138.68,140.3 1 1
Four-PlayerArmyChess/game/game.go:141.2,143.27 3 1
Four-PlayerArmyChess/game/game.go:143.27,144.16 1 1
Four-PlayerArmyChess/game/game.go:144.16,147.4 2 1
Four-PlayerArmyChess/game/game.go:152.2,153.24 2 1
Four-PlayerArmyChess/game/game.go:153.24,154.14 1 1
Four-PlayerArmyChess/game/game.go:154.14,155.42 1 1
Four-PlayerArmyChess/game/game.go:155.42,156.64 1 1
Four-PlayerArmyChess/game/game.go:156.64,158.6 1 1
Four-PlayerArmyChess/game/game.go:161.3,161.59 1 1
Four-PlayerArmyChess/game/game.go:161.59,163.4 1 1
Four-PlayerArmyChess/game/game.go:164.3,164.16 1 1
Four-PlayerArmyChess/game/game.go:166.2,166.13 1 1
Four-PlayerArmyChess/game/game.go:166.13,167.41 1 1
Four-PlayerArmyChess/game/game.go:167.41,168.63 1 1
Four-PlayerArmyChess/game/game.go:168.63,170.5 1 1
Four-PlayerArmyChess/game/game.go:173.2,173.57 1 1
Four-PlayerArmyChess/game/game.go:173.57,175.3 1 1
Four-PlayerArmyChess/game/game.go:176.2,176.15 1 1
Four-PlayerArmyChess/game/game.go:183.66,185.19 2 1
Four-PlayerArmyChess/game/game.go:185.19,189.3 1 1
Four-PlayerArmyChess/game/game.go:190.2,190.42 1 1
Four-PlayerArmyChess/game/game.go:193.73,197.43 4 1
Four-PlayerArmyChess/game/game.go:197.43,198.70 1 1
Four-PlayerArmyChess/game/game.go:198.70,199.12 1 1
Four-PlayerArmyChess/game/game.go:201.3,203.22 3 1
Four-PlayerArmyChess/game/game.go:203.22,206.19 3 1
Four-PlayerArmyChess/game/game.go:206.19,207.13 1 0
Four-PlayerArmyChess/game/game.go:209.4,211.75 3 1
Four-PlayerArmyChess/game/game.go:211.75,214.5 2 1
Four-PlayerArmyChess/game/game.go:215.4,215.21 1 1
Four-PlayerArmyChess/game/game.go:215.21,216.13 1 1
Four-PlayerArmyChess/game/game.go:218.4,218.50 1 1
Four-PlayerArmyChess/game/game.go:218.50,219.30 1 1
Four-PlayerArmyChess/game/game.go:219.30,220.14 1 1
Four-PlayerArmyChess/game/game.go:222.5,228.86 4 1
Four-PlayerArmyChess/game/game.go:228.86,229.14 1 1
Four-PlayerArmyChess/game/game.go:231.5,231.66 1 1
Four-PlayerArmyChess/game/game.go:231.66,232.14 1 1
Four-PlayerArmyChess/game/game.go:234.5,234.37 1 1
Four-PlayerArmyChess/game/game.go:238.2,238.15 1 1
Four-PlayerArmyChess/game/game.go:246.26,247.15 1 1
Four-PlayerArmyChess/game/game.go:247.15,249.3 1 1
Four-PlayerArmyChess/game/game.go:250.2,250.15 1 1
Four-PlayerArmyChess/game/game.go:250.15,252.3 1 1
Four-PlayerArmyChess/game/game.go:253.2,253.10 1 1
Four-PlayerArmyChess/game/game.go:259.74,263.21 4 1
Four-PlayerArmyChess/game/game.go:263.21,266.38 3 1
Four-PlayerArmyChess/game/game.go:266.38,267.40 1 1
Four-PlayerArmyChess/game/game.go:267.40,268.13 1 1
Four-PlayerArmyChess/game/game.go:270.4,271.21 2 1
Four-PlayerArmyChess/game/game.go:271.21,272.43 1 1
Four-PlayerArmyChess/game/game.go:272.43,274.6 1 1
Four-PlayerArmyChess/game/game.go:275.5,275.13 1 1
Four-PlayerArmyChess/game/game.go:277.4,277.43 1 1
Four-PlayerArmyChess/game/game.go:277.43,278.13 1 0
Four-PlayerArmyChess/game/game.go:280.4,282.33 3 1
Four-PlayerArmyChess/game/game.go:285.2,285.15 1 1
Four-PlayerArmyChess/game/game.go:288.45,289.26 1 1
Four-PlayerArmyChess/game/game.go:289.26,291.3 1 1
Four-PlayerArmyChess/game/game.go:292.2,297.13 4 1
Four-PlayerArmyChess/game/game.go:302.52,306.14 4 1
Four-PlayerArmyChess/game/game.go:306.14,308.3 1 1
Four-PlayerArmyChess/game/game.go:308.8,312.50 3 1
Four-PlayerArmyChess/game/game.go:313.10,317.11 4 1
Four-PlayerArmyChess/game/game.go:318.24,320.26 2 1
Four-PlayerArmyChess/game/game.go:321.28,322.26 1 1
Four-PlayerArmyChess/game/game.go:323.12,324.26 1 1
Four-PlayerArmyChess/game/game.go:326.11,329.26 3 1
Four-PlayerArmyChess/game/game.go:329.26,331.5 1 1
Four-PlayerArmyChess/game/game.go:331.10,333.5 1 1
Four-PlayerArmyChess/game/game.go:334.10,339.25 5 1
Four-PlayerArmyChess/game/game.go:340.10,341.33 1 0
Four-PlayerArmyChess/game/game.go:346.2,346.45 1 1
Four-PlayerArmyChess/game/game.go:346.45,348.3 1 1
Four-PlayerArmyChess/game/game.go:349.2,349.45 1 1
Four-PlayerArmyChess/game/game.go:349.45,351.3 1 1
Four-PlayerArmyChess/game/game.go:352.2,356.17 5 1
Four-PlayerArmyChess/game/game.go:356.17,358.3 1 1
Four-PlayerArmyChess/game/game.go:359.2,359.13 1 1
Four-PlayerArmyChess/game/game.go:363.38,364.35 1 1
Four-PlayerArmyChess/game/game.go:364.35,365.32 1 1
Four-PlayerArmyChess/game/game.go:365.32,366.27 1 1
Four-PlayerArmyChess/game/game.go:366.27,368.5 1 1
Four-PlayerArmyChess/game/game.go:374.44,375.35 1 1
Four-PlayerArmyChess/game/game.go:375.35,376.34 1 1
Four-PlayerArmyChess/game/game.go:376.34,378.4 1 1
Four-PlayerArmyChess/game/game.go:380.2,380.14 1 1
Four-PlayerArmyChess/game/game.go:383.53,384.15 1 1
Four-PlayerArmyChess/game/game.go:384.15,386.3 1 1
Four-PlayerArmyChess/game/game.go:387.2,387.20 1 1
Four-PlayerArmyChess/game/game.go:387.20,389.3 1 1
Four-PlayerArmyChess/game/game.go:390.2,390.38 1 1
Four-PlayerArmyChess/game/game.go:390.38,392.3 1 1
Four-PlayerArmyChess/game/game.go:393.2,393.24 1 1
Four-PlayerArmyChess/game/game.go:393.24,394.25 1 1
Four-PlayerArmyChess/game/game.go:394.25,397.4 1 1
Four-PlayerArmyChess/game/game.go:399.3,399.12 1 1
Four-PlayerArmyChess/game/game.go:401.2,401.31 1 1
Four-PlayerArmyChess/game/game.go:401.31,403.3 1 1
Four-PlayerArmyChess/game/game.go:404.2,404.31 1 1
Four-PlayerArmyChess/game/game.go:404.31,406.3 1 1
Four-PlayerArmyChess/game/game.go:407.2,407.10 1 1
Four-PlayerArmyChess/game/game.go:410.36,411.34 1 1
Four-PlayerArmyChess/game/game.go:411.34,413.33 2 1
Four-PlayerArmyChess/game/game.go:413.33,414.33 1 1
Four-PlayerArmyChess/game/game.go:414.33,416.5 1 1
Four-PlayerArmyChess/game/game.go:418.3,418.33 1 1
Four-PlayerArmyChess/game/game.go:418.33,420.34 2 1
Four-PlayerArmyChess/game/game.go:420.34,421.16 1 1
Four-PlayerArmyChess/game/game.go:421.16,424.6 2 1
Four-PlayerArmyChess/game/game.go:428.2,428.48 1 1
Four-PlayerArmyChess/game/game.go:428.48,432.3 3 1
Four-PlayerArmyChess/game/game.go:433.2,433.48 1 1
Four-PlayerArmyChess/game/game.go:433.48,437.3 3 1
Four-PlayerArmyChess/game/game.go:447.58,449.36 2 1
Four-PlayerArmyChess/game/game.go:449.36,451.25 2 1
Four-PlayerArmyChess/game/game.go:451.25,452.12 1 1
Four-PlayerArmyChess/game/game.go:454.3,455.108 2 1
Four-PlayerArmyChess/game/game.go:455.108,458.4 1 1
Four-PlayerArmyChess/game/game.go:458.9,460.4 1 1
Four-PlayerArmyChess/game/game.go:461.3,461.29 1 1
Four-PlayerArmyChess/game/game.go:463.2,463.15 1 1
Four-PlayerArmyChess/game/piece.go:51.31,52.16 1 1
Four-PlayerArmyChess/game/piece.go:53.15,54.11 1 1
Four-PlayerArmyChess/game/piece.go:55.15,56.11 1 1
Four-PlayerArmyChess/game/piece.go:57.20,58.11 1 1
Four-PlayerArmyChess/game/piece.go:59.17,60.11 1 1
Four-PlayerArmyChess/game/piece.go:61.15,62.11 1 1
Four-PlayerArmyChess/game/piece.go:63.13,64.11 1 1
Four-PlayerArmyChess/game/piece.go:65.15,66.11 1 1
Four-PlayerArmyChess/game/piece.go:67.18,68.11 1 1
Four-PlayerArmyChess/game/piece.go:69.16,70.11 1 1
Four-PlayerArmyChess/game/piece.go:71.10,72.11 1 1
Four-PlayerArmyChess/game/piece.go:76.34,83.2 2 1
Four-PlayerArmyChess/game/piece.go:85.27,86.30 1 1
Four-PlayerArmyChess/game/piece.go:86.30,88.3 1 1
Four-PlayerArmyChess/game/piece.go:89.2,89.17 1 1
Four-PlayerArmyChess/game/piece.go:92.29,92.95 1 1
Four-PlayerArmyChess/game/piece.go:94.28,94.61 1 1
Four-PlayerArmyChess/game/piece.go:96.32,96.69 1 1
Four-PlayerArmyChess/game/piece.go:98.32,107.4 2 1
Four-PlayerArmyChess/game/piece.go:107.4,108.31 1 1
Four-PlayerArmyChess/game/piece.go:108.31,110.4 1 1
Four-PlayerArmyChess/game/piece.go:112.2,112.15 1 1
Four-PlayerArmyChess/game/replay.go:28.37,28.80 1 1
Four-PlayerArmyChess/game/replay.go:31.35,31.74 1 1
Four-PlayerArmyChess/game/replay.go:34.46,36.2 1 1
Four-PlayerArmyChess/game/replay.go:48.36,54.16 2 1
Four-PlayerArmyChess/game/replay.go:54.16,55.10 1 1
Four-PlayerArmyChess/game/replay.go:56.15,57.19 1 1
Four-PlayerArmyChess/game/replay.go:58.30,59.37 1 1
Four-PlayerArmyChess/game/replay.go:60.29,61.37 1 1
Four-PlayerArmyChess/game/replay.go:64.2,64.12 1 1
Four-PlayerArmyChess/game/replay.go:68.52,70.16 2 1
Four-PlayerArmyChess/game/replay.go:70.16,72.3 1 0
Four-PlayerArmyChess/game/replay.go:73.2,73.40 1 1
Four-PlayerArmyChess/game/replay.go:77.50,80.16 3 1
Four-PlayerArmyChess/game/replay.go:80.16,82.3 1 1
Four-PlayerArmyChess/game/replay.go:83.2,83.51 1 1
Four-PlayerArmyChess/game/replay.go:83.51,85.3 1 1
Four-PlayerArmyChess/game/replay.go:86.2,86.17 1 1
Four-PlayerArmyChess/game/replay.go:90.49,92.27 2 1
Four-PlayerArmyChess/game/replay.go:92.27,96.3 3 1
Four-PlayerArmyChess/game/replay.go:97.2,97.10 1 1
Four-PlayerArmyChess/game/replay.go:109.40,113.2 3 1
Four-PlayerArmyChess/game/replay.go:115.36,116.14 1 1
Four-PlayerArmyChess/game/replay.go:116.14,118.3 1 1
Four-PlayerArmyChess/game/replay.go:119.2,119.29 1 1
Four-PlayerArmyChess/game/replay.go:119.29,121.3 1 1
Four-PlayerArmyChess/game/replay.go:122.2,123.28 2 1
Four-PlayerArmyChess/game/replay.go:123.28,126.3 2 1
Four-PlayerArmyChess/game/replay.go:127.2,131.15 5 1
Four-PlayerArmyChess/game/replay.go:135.31,135.48 1 1
Four-PlayerArmyChess/game/replay.go:138.29,138.46 1 1
Four-PlayerArmyChess/game/replay.go:141.30,141.57 1 1
Four-PlayerArmyChess/game/replay.go:144.39,144.61 1 1
Four-PlayerArmyChess/game/replay.go:147.38,147.54 1 1
Four-PlayerArmyChess/game/replay.go:150.33,150.52 1 1
Four-PlayerArmyChess/game/replay.go:153.30,154.32 1 1
Four-PlayerArmyChess/game/replay.go:154.32,156.3 1 1
Four-PlayerArmyChess/game/replay.go:157.2,158.13 2 1
Four-PlayerArmyChess/game/replay.go:162.30,163.17 1 1
Four-PlayerArmyChess/game/replay.go:163.17,165.3 1 1
Four-PlayerArmyChess/game/replay.go:166.2,167.13 2 1
Four-PlayerArmyChess/game/setup.go:8.72,9.27 1 1
Four-PlayerArmyChess/game/setup.go:9.27,11.3 1 1
Four-PlayerArmyChess/game/setup.go:12.2,12.40 1 1
Four-PlayerArmyChess/game/setup.go:12.40,14.3 1 1
Four-PlayerArmyChess/game/setup.go:15.2,15.64 1 1
Four-PlayerArmyChess/game/setup.go:15.64,17.3 1 1
Four-PlayerArmyChess/game/setup.go:18.2,18.34 1 1
Four-PlayerArmyChess/game/setup.go:18.34,20.3 1 1
Four-PlayerArmyChess/game/setup.go:21.2,21.56 1 1
Four-PlayerArmyChess/game/setup.go:21.56,23.3 1 1
Four-PlayerArmyChess/game/setup.go:24.2,24.55 1 1
Four-PlayerArmyChess/game/setup.go:24.55,26.3 1 1
Four-PlayerArmyChess/game/setup.go:27.2,27.59 1 1
Four-PlayerArmyChess/game/setup.go:27.59,29.3 1 1
Four-PlayerArmyChess/game/setup.go:30.2,30.51 1 1
Four-PlayerArmyChess/game/setup.go:30.51,32.3 1 1
Four-PlayerArmyChess/game/setup.go:33.2,34.12 2 1
Four-PlayerArmyChess/game/setup.go:37.55,38.11 1 1
Four-PlayerArmyChess/game/setup.go:39.13,40.30 1 1
Four-PlayerArmyChess/game/setup.go:41.13,42.32 1 1
Four-PlayerArmyChess/game/setup.go:43.13,44.32 1 1
Four-PlayerArmyChess/game/setup.go:45.10,46.30 1 1
Four-PlayerArmyChess/game/setup.go:49.52,50.11 1 1
Four-PlayerArmyChess/game/setup.go:51.13,52.18 1 1
Four-PlayerArmyChess/game/setup.go:53.13,54.19 1 1
Four-PlayerArmyChess/game/setup.go:55.13,56.19 1 1
Four-PlayerArmyChess/game/setup.go:57.10,58.18 1 1
Four-PlayerArmyChess/game/setup.go:62.46,65.35 3 1
Four-PlayerArmyChess/game/setup.go:65.35,66.50 1 1
Four-PlayerArmyChess/game/setup.go:66.50,68.22 2 1
Four-PlayerArmyChess/game/setup.go:68.22,70.5 1 1
Four-PlayerArmyChess/game/setup.go:73.2,73.45 1 1
Four-PlayerArmyChess/game/setup.go:78.30,80.43 2 1
Four-PlayerArmyChess/game/setup.go:80.43,82.37 2 1
Four-PlayerArmyChess/game/setup.go:82.37,83.83 1 1
Four-PlayerArmyChess/game/setup.go:83.83,85.5 1 1
Four-PlayerArmyChess/game/setup.go:87.3,87.44 1 1
Four-PlayerArmyChess/game/setup.go:87.44,87.103 1 1
Four-PlayerArmyChess/game/setup.go:88.3,90.36 3 1
Four-PlayerArmyChess/game/setup.go:90.36,91.22 1 1
Four-PlayerArmyChess/game/setup.go:91.22,93.5 1 1
Four-PlayerArmyChess/game/setup.go:93.10,95.5 1 1
Four-PlayerArmyChess/game/setup.go:97.3,100.64 4 1
Four-PlayerArmyChess/game/setup.go:100.64,101.36 1 1
Four-PlayerArmyChess/game/setup.go:101.36,102.27 1 1
Four-PlayerArmyChess/game/setup.go:102.27,103.14 1 1
Four-PlayerArmyChess/game/setup.go:105.5,105.33 1 1
Four-PlayerArmyChess/game/setup.go:105.33,106.22 1 1
Four-PlayerArmyChess/game/setup.go:106.22,109.12 3 1
Four-PlayerArmyChess/game/setup.go:114.3,114.41 1 1
Four-PlayerArmyChess/game/setup.go:114.41,114.76 1 1
Four-PlayerArmyChess/game/setup.go:115.3,115.37 1 1
Four-PlayerArmyChess/game/setup.go:115.37,115.70 1 1
Four-PlayerArmyChess/game/setup.go:116.3,116.35 1 1
Four-PlayerArmyChess/game/setup.go:116.35,117.44 1 1
Four-PlayerArmyChess/game/setup.go:117.44,118.13 1 1
Four-PlayerArmyChess/game/setup.go:120.4,120.27 1 1
Four-PlayerArmyChess/game/setup.go:120.27,121.10 1 0
Four-PlayerArmyChess/game/setup.go:123.4,124.29 2 1
Four-PlayerArmyChess/game/setup.go:127.2,128.34 2 1
Four-PlayerArmyChess/game/setup.go:128.34,129.33 1 1
Four-PlayerArmyChess/game/setup.go:129.33,131.4 1 1
